// Jest Snapshot v1, https://goo.gl/fbAQLP

exports[`deploy dev 2 1`] = `
"---
apiVersion: networking.k8s.io/v1
kind: NetworkPolicy
metadata:
  name: netpol-tansition-collective-mybranch
  namespace: tansition-collective-mybranch
spec:
  ingress:
    - from:
        - podSelector: {}
    - from:
        - namespaceSelector:
            matchLabels:
              network-policy/source: ingress-controller
    - from:
        - namespaceSelector:
            matchLabels:
              network-policy/source: monitoring
  podSelector: {}
  policyTypes:
    - Ingress
---
apiVersion: apps/v1
kind: Deployment
metadata:
  annotations:
    kapp.k14s.io/disable-default-ownership-label-rules: ''
    kapp.k14s.io/disable-default-label-scoping-rules: ''
    app.github.com/job: '5678'
    app.github.com/ref: refs/heads/mybranch
    app.github.com/repo: socialgouv/tansition-collective
    app.github.com/run: '1234'
    app.github.com/sha: '0123456'
  labels:
    app: www
    application: tansition-collective
    component: nginx
    owner: tansition-collective
    team: tansition-collective
    cert: wildcard
  name: www
  namespace: tansition-collective-mybranch
spec:
  replicas: 1
  selector:
    matchLabels:
      app: www
  template:
    metadata:
      annotations:
        kapp.k14s.io/disable-default-ownership-label-rules: ''
        kapp.k14s.io/disable-default-label-scoping-rules: ''
        app.github.com/job: '5678'
        app.github.com/ref: refs/heads/mybranch
        app.github.com/repo: socialgouv/tansition-collective
        app.github.com/run: '1234'
        app.github.com/sha: '0123456'
      labels:
        app: www
        application: tansition-collective
        component: nginx
        owner: tansition-collective
        team: tansition-collective
        cert: wildcard
    spec:
      containers:
        - image: >-
            ghcr.io/socialgouv/transition-collective/www:sha-0123456789abcdefghijklmnopqrstuvwxyz0123
          livenessProbe:
            failureThreshold: 6
            httpGet:
              path: /index.html
              port: http
            initialDelaySeconds: 30
            periodSeconds: 5
            timeoutSeconds: 5
          name: www
          ports:
            - containerPort: 80
              name: http
          readinessProbe:
            failureThreshold: 15
            httpGet:
              path: /index.html
              port: http
            initialDelaySeconds: 0
            periodSeconds: 5
            successThreshold: 1
            timeoutSeconds: 1
          resources:
            limits:
              cpu: 500m
              memory: 128Mi
            requests:
              cpu: 5m
              memory: 32Mi
          startupProbe:
            failureThreshold: 12
            httpGet:
              path: /index.html
              port: http
            periodSeconds: 5
          envFrom:
            - secretRef:
                name: www-sealed-secret
            - configMapRef:
                name: www-configmap
---
apiVersion: bitnami.com/v1alpha1
kind: SealedSecret
metadata:
  annotations:
    sealedsecrets.bitnami.com/cluster-wide: 'true'
    kapp.k14s.io/disable-default-ownership-label-rules: ''
    kapp.k14s.io/disable-default-label-scoping-rules: ''
    app.github.com/job: '5678'
    app.github.com/ref: refs/heads/mybranch
    app.github.com/repo: socialgouv/tansition-collective
    app.github.com/run: '1234'
    app.github.com/sha: '0123456'
  name: www-sealed-secret
  namespace: tansition-collective-mybranch
  labels:
    application: tansition-collective
    component: nginx
    owner: tansition-collective
    team: tansition-collective
    cert: wildcard
spec:
  encryptedData:
    SENTRY_DSN: >-
      AgCWgMegcd1JLm+AqV24Rv8jMl/T9ri8ZWY6RoF0TjCADZPaHNiLFA+UA60q0BGMTqyePuvTjmz3TafbPozH5I52PIhKICv/SaXOFr4c+MnTiW+WELqjT8LhelVBj1+nx+IQftDjrdWAxDSgvEzlQv9gb8Pz8ONe5tUoEgmDxJJYDVuGxZ1n9ONNFLotVcWVtoDfNhj7NwL8E6hBPqN+ga83fdT6MzuIeCL/b/gJymqCJswdegFmdEAn3BkHfL7djlDDTroahkmWFcNWdcrc0rX/lJD+9GUJlZXAAGf6Xy+kr2RDYY/U4+dlJKCpPuhmxgaX0GPYIElAJ/ap5aiFUKN/bExLJajERLMkdYWVOVnSozYw1wBfBVLJvD5YampAxAovFmOFv2F2grtonsg+twnjJNcyezjnuXSAlYHgH5Z8IHVcsITidi7YU0SwWPziXM+XYHlwh7Kr+A8tITbPCvEhDkahoT4ZnPnGlj3LLlpcZEnDJ+U5Tekam8ZzsegsDON0MNlZ+LXzquMZjt3tQiH8Dcu6QVSiEPFNH5OrL09Wh2xO5bYH25yu5ksY7PHmUFZllC698E6CbC4hCSPHRR+9ETxD4KZfiHuRrytfJ2WJnOc7f31+QziZqVv2JGRCEE8GZXyQdvY6jKHlnwVl7KFuSvJf5YlZs/RiRY2TrEomI46nk4xMYQq536jY+gfGqUsdAw68
  template:
    metadata:
      annotations:
        sealedsecrets.bitnami.com/cluster-wide: 'true'
        kapp.k14s.io/disable-default-ownership-label-rules: ''
        kapp.k14s.io/disable-default-label-scoping-rules: ''
        app.github.com/job: '5678'
        app.github.com/ref: refs/heads/mybranch
        app.github.com/repo: socialgouv/tansition-collective
        app.github.com/run: '1234'
        app.github.com/sha: '0123456'
      name: www-sealed-secret
      labels:
        application: tansition-collective
        component: nginx
        owner: tansition-collective
        team: tansition-collective
        cert: wildcard
    type: Opaque
---
apiVersion: v1
kind: ConfigMap
metadata:
  name: www-configmap
  annotations:
    kapp.k14s.io/disable-default-ownership-label-rules: ''
    kapp.k14s.io/disable-default-label-scoping-rules: ''
    app.github.com/job: '5678'
    app.github.com/ref: refs/heads/mybranch
    app.github.com/repo: socialgouv/tansition-collective
    app.github.com/run: '1234'
    app.github.com/sha: '0123456'
  labels:
    application: tansition-collective
    component: nginx
    owner: tansition-collective
    team: tansition-collective
    cert: wildcard
  namespace: tansition-collective-mybranch
data:
  MATOMO_SITE_ID: '58'
  NODE_ENV: production
  MATOMO_URL: https://matomo.fabrique.social.gouv.fr/
---
apiVersion: v1
kind: Service
metadata:
  labels:
    app: www
    application: tansition-collective
    component: nginx
    owner: tansition-collective
    team: tansition-collective
    cert: wildcard
  name: www
  annotations:
    kapp.k14s.io/disable-default-ownership-label-rules: ''
    kapp.k14s.io/disable-default-label-scoping-rules: ''
    app.github.com/job: '5678'
    app.github.com/ref: refs/heads/mybranch
    app.github.com/repo: socialgouv/tansition-collective
    app.github.com/run: '1234'
    app.github.com/sha: '0123456'
  namespace: tansition-collective-mybranch
spec:
  ports:
    - name: http
      port: 80
      targetPort: 80
  selector:
    app: www
  type: ClusterIP
---
apiVersion: networking.k8s.io/v1
kind: Ingress
metadata:
  annotations:
    kubernetes.io/ingress.class: nginx
    kapp.k14s.io/disable-default-ownership-label-rules: ''
    kapp.k14s.io/disable-default-label-scoping-rules: ''
    app.github.com/job: '5678'
    app.github.com/ref: refs/heads/mybranch
    app.github.com/repo: socialgouv/tansition-collective
    app.github.com/run: '1234'
    app.github.com/sha: '0123456'
  labels:
    app: www
    application: tansition-collective
    component: nginx
    owner: tansition-collective
    team: tansition-collective
    cert: wildcard
  name: www
  namespace: tansition-collective-mybranch
spec:
  rules:
    - host: tansition-collective-mybranch.dev2.fabrique.social.gouv.fr
      http:
        paths:
          - backend:
              service:
                name: www
                port:
                  name: http
            path: /
            pathType: Prefix
  tls:
    - hosts:
        - tansition-collective-mybranch.dev2.fabrique.social.gouv.fr
      secretName: wildcard-crt
"
`;
