// Jest Snapshot v1, https://goo.gl/fbAQLP

exports[`deploy dev 2 1`] = `
"---
apiVersion: apps/v1
kind: Deployment
metadata:
  annotations:
    kapp.k14s.io/disable-default-ownership-label-rules: ''
    kapp.k14s.io/disable-default-label-scoping-rules: ''
    kapp.k14s.io/delete-strategy: orphan
    app.github.com/job: '5678'
    app.github.com/ref: refs/heads/mybranch
    app.github.com/repo: socialgouv/tansition-collective
    app.github.com/run: '1234'
    app.github.com/sha: '0123456'
  labels:
    app: www
    application: tansition-collective
    component: tansition-collective
    owner: tansition-collective
    team: tansition-collective
    cert: wildcard
  name: www
  namespace: tansition-collective-mybranch
spec:
  replicas: 1
  selector:
    matchLabels:
      app: www
  template:
    metadata:
      annotations:
        kapp.k14s.io/disable-default-ownership-label-rules: ''
        kapp.k14s.io/disable-default-label-scoping-rules: ''
        kapp.k14s.io/delete-strategy: orphan
        app.github.com/job: '5678'
        app.github.com/ref: refs/heads/mybranch
        app.github.com/repo: socialgouv/tansition-collective
        app.github.com/run: '1234'
        app.github.com/sha: '0123456'
      labels:
        app: www
        application: tansition-collective
        component: tansition-collective
        owner: tansition-collective
        team: tansition-collective
        cert: wildcard
    spec:
      containers:
        - image: >-
            ghcr.io/socialgouv/transitions-collectives/www:sha-0123456789abcdefghijklmnopqrstuvwxyz0123
          livenessProbe:
            failureThreshold: 6
            httpGet:
              path: /healthz
              port: http
            initialDelaySeconds: 30
            periodSeconds: 5
            timeoutSeconds: 5
          name: www
          ports:
            - containerPort: 3000
              name: http
          readinessProbe:
            failureThreshold: 15
            httpGet:
              path: /healthz
              port: http
            initialDelaySeconds: 0
            periodSeconds: 5
            successThreshold: 1
            timeoutSeconds: 1
          resources:
            limits:
              cpu: 200m
              memory: 256Mi
            requests:
              cpu: 50m
              memory: 128Mi
          startupProbe:
            failureThreshold: 12
            httpGet:
              path: /healthz
              port: http
            periodSeconds: 5
          envFrom:
            - secretRef:
                name: www-sealed-secret
            - configMapRef:
                name: www-configmap
          env:
            - name: APP_BASE_URL
              value: >-
                https://tansition-collective-mybranch.dev2.fabrique.social.gouv.fr
            - name: NEXTAUTH_URL
              value: >-
                https://tansition-collective-mybranch.dev2.fabrique.social.gouv.fr
---
apiVersion: bitnami.com/v1alpha1
kind: SealedSecret
metadata:
  annotations:
    sealedsecrets.bitnami.com/cluster-wide: 'true'
    kapp.k14s.io/disable-default-ownership-label-rules: ''
    kapp.k14s.io/disable-default-label-scoping-rules: ''
    kapp.k14s.io/delete-strategy: orphan
    app.github.com/job: '5678'
    app.github.com/ref: refs/heads/mybranch
    app.github.com/repo: socialgouv/tansition-collective
    app.github.com/run: '1234'
    app.github.com/sha: '0123456'
  name: www-sealed-secret
  namespace: tansition-collective-mybranch
  labels:
    application: tansition-collective
    component: tansition-collective
    owner: tansition-collective
    team: tansition-collective
    cert: wildcard
spec:
  encryptedData:
    NEXT_PUBLIC_SENTRY_DSN: >-
      AgBTaY/2RL+z5gl3z7BZV4lXz0iZjYnrFmV9oOiIAcprNJoWncLRVcBoIx7UmjXqnMcDkIaN6ASbLsEn+iQG/e6468W1pypurOFJqsX4XCS4aZHoBJjNlOPBB6NnuWiRjDmj6vuluHM/fe/+s//tf3ZZVj7BiSXGgqF2/cYRIBuIfqyVbwLDr9omRuJKSgIwHAdkpf+SSqgZxZKabAoyOOJYk9szRTat0Px5j8RRx2IsCm/D2WNGiKRLZlBwBHTMF7yVw6EeNCNfKfArbIsmGgDmk/Z3CcHvRrWishAjfTkFzwBvHubRzfsFPhzAevXvwBh9s6l+9AOO7CB9ALmuJ1BcZ2wW6ZVzfaUgch24Kxu9AlIEw7wRVx/d1pbaLACnruGOYUQeKrPT1s0j1GEb6WExt6epGCKlRDf4NWHtaAmgCkUVuQ/VrX0kSSGADJRmvLUveoOjf45KygspEP2nss4rcZLvazR0O+CG3i9gqL6UEj7KFlVwCoNye8SqWU8sMftbLnc6k0sTurG3uhuI50qYa+AOMXz1NBMEdvFp/QLcsmaQj+wOvL6JHfPse6NUyZG4N86EfP63THia0X89Otycdzcz1FcsR3wazPjE6gZgsrMK0oXcIu2rgutXxDSyoBrdZUxoHK/tSAJn1NR+xnrJYdA35mBRgaHqSY6BThQKmoa2qM4dDUdRvyP7l4SCvpv2FOgeJIHSBjP9RIDXvD5GrXK1EPKN3szbh3v0n6CKJ6EIK8wgglVy2sN8E4sHk+1YVOK5pGrEuHIAQSwusygmPN9P2CXgiJolDg==
  template:
    metadata:
      annotations:
        sealedsecrets.bitnami.com/cluster-wide: 'true'
        kapp.k14s.io/disable-default-ownership-label-rules: ''
        kapp.k14s.io/disable-default-label-scoping-rules: ''
        kapp.k14s.io/delete-strategy: orphan
        app.github.com/job: '5678'
        app.github.com/ref: refs/heads/mybranch
        app.github.com/repo: socialgouv/tansition-collective
        app.github.com/run: '1234'
        app.github.com/sha: '0123456'
      name: www-sealed-secret
      labels:
        application: tansition-collective
        component: tansition-collective
        owner: tansition-collective
        team: tansition-collective
        cert: wildcard
    type: Opaque
---
apiVersion: v1
kind: ConfigMap
metadata:
  name: www-configmap
  annotations:
    kapp.k14s.io/disable-default-ownership-label-rules: ''
    kapp.k14s.io/disable-default-label-scoping-rules: ''
    kapp.k14s.io/delete-strategy: orphan
    app.github.com/job: '5678'
    app.github.com/ref: refs/heads/mybranch
    app.github.com/repo: socialgouv/tansition-collective
    app.github.com/run: '1234'
    app.github.com/sha: '0123456'
  labels:
    application: tansition-collective
    component: tansition-collective
    owner: tansition-collective
    team: tansition-collective
    cert: wildcard
  namespace: tansition-collective-mybranch
data:
  NEXT_PUBLIC_MATOMO_SITE_ID: '58'
  NODE_ENV: production
  NEXT_PUBLIC_MATOMO_URL: https://matomo.fabrique.social.gouv.fr/
---
apiVersion: v1
kind: Service
metadata:
  labels:
    app: www
    application: tansition-collective
    component: tansition-collective
    owner: tansition-collective
    team: tansition-collective
    cert: wildcard
  name: www
  annotations:
    kapp.k14s.io/disable-default-ownership-label-rules: ''
    kapp.k14s.io/disable-default-label-scoping-rules: ''
    kapp.k14s.io/delete-strategy: orphan
    app.github.com/job: '5678'
    app.github.com/ref: refs/heads/mybranch
    app.github.com/repo: socialgouv/tansition-collective
    app.github.com/run: '1234'
    app.github.com/sha: '0123456'
  namespace: tansition-collective-mybranch
spec:
  ports:
    - name: http
      port: 80
      targetPort: 3000
  selector:
    app: www
  type: ClusterIP
---
apiVersion: networking.k8s.io/v1
kind: Ingress
metadata:
  annotations:
    kubernetes.io/ingress.class: nginx
    kapp.k14s.io/disable-default-ownership-label-rules: ''
    kapp.k14s.io/disable-default-label-scoping-rules: ''
    kapp.k14s.io/delete-strategy: orphan
    app.github.com/job: '5678'
    app.github.com/ref: refs/heads/mybranch
    app.github.com/repo: socialgouv/tansition-collective
    app.github.com/run: '1234'
    app.github.com/sha: '0123456'
  labels:
    app: www
    application: tansition-collective
    component: tansition-collective
    owner: tansition-collective
    team: tansition-collective
    cert: wildcard
  name: www
  namespace: tansition-collective-mybranch
spec:
  rules:
    - host: tansition-collective-mybranch.dev2.fabrique.social.gouv.fr
      http:
        paths:
          - backend:
              service:
                name: www
                port:
                  name: http
            path: /
            pathType: Prefix
  tls:
    - hosts:
        - tansition-collective-mybranch.dev2.fabrique.social.gouv.fr
      secretName: wildcard-crt
---
apiVersion: networking.k8s.io/v1
kind: NetworkPolicy
metadata:
  name: netpol-tansition-collective-mybranch
  namespace: tansition-collective-mybranch
spec:
  ingress:
    - from:
        - podSelector: {}
    - from:
        - namespaceSelector:
            matchLabels:
              network-policy/source: ingress-controller
    - from:
        - namespaceSelector:
            matchLabels:
              network-policy/source: monitoring
  podSelector: {}
  policyTypes:
    - Ingress
"
`;
